// Jest Snapshot v1, https://goo.gl/fbAQLP

exports[`Header renders correctly 1`] = `
ShallowWrapper {
  Symbol(enzyme.__root__): [Circular],
  Symbol(enzyme.__unrendered__): <I18n
    ns="translations"
  >
    [Function]
  </I18n>,
  Symbol(enzyme.__renderer__): Object {
    "batchedUpdates": [Function],
    "checkPropTypes": [Function],
    "getNode": [Function],
    "render": [Function],
    "simulateError": [Function],
    "simulateEvent": [Function],
    "unmount": [Function],
  },
  Symbol(enzyme.__node__): Object {
    "instance": null,
    "key": undefined,
    "nodeType": "host",
    "props": Object {
      "children": <div
        className="container"
      >
        <div
          className="navbar-header"
        >
          <button
            className="navbar-toggle"
            data-target="#navigation-index"
            data-toggle="collapse"
            type="button"
          >
            <span
              className="sr-only"
            >
              Toggle navigation
            </span>
            <span
              className="icon-bar"
            />
            <span
              className="icon-bar"
            />
            <span
              className="icon-bar"
            />
          </button>
          <Link
            replace={false}
            to="/"
          >
            <div
              className="logo-container"
            >
              <img
                alt="Logo"
                data-test="logo"
                src="/img/logo-white.svg"
              />
            </div>
          </Link>
        </div>
        <div
          className="collapse navbar-collapse"
          id="navigation-index"
        >
          <ul
            className="nav navbar-nav navbar-right"
          >
            <li>
              <Link
                className="link"
                onClick={[Function]}
                replace={false}
                to="/#about"
              >
                header.about
              </Link>
            </li>
            <li>
              <Link
                className="link"
                data-test="faq-btn"
                onClick={[Function]}
                replace={false}
                to="/faqs"
              >
                header.faq
              </Link>
            </li>
            <li>
              <Link
                className="link"
                data-test="support-btn"
                onClick={[Function]}
                replace={false}
                to="#"
              >
                header.support
              </Link>
            </li>
            <LanguagePicker />
          </ul>
        </div>
        <Connect(Support)
          onClose={[Function]}
          show={false}
        />
      </div>,
      "className": "header home",
      "data-test": "header",
    },
    "ref": null,
    "rendered": Object {
      "instance": null,
      "key": undefined,
      "nodeType": "host",
      "props": Object {
        "children": Array [
          <div
            className="navbar-header"
          >
            <button
              className="navbar-toggle"
              data-target="#navigation-index"
              data-toggle="collapse"
              type="button"
            >
              <span
                className="sr-only"
              >
                Toggle navigation
              </span>
              <span
                className="icon-bar"
              />
              <span
                className="icon-bar"
              />
              <span
                className="icon-bar"
              />
            </button>
            <Link
              replace={false}
              to="/"
            >
              <div
                className="logo-container"
              >
                <img
                  alt="Logo"
                  data-test="logo"
                  src="/img/logo-white.svg"
                />
              </div>
            </Link>
          </div>,
          <div
            className="collapse navbar-collapse"
            id="navigation-index"
          >
            <ul
              className="nav navbar-nav navbar-right"
            >
              <li>
                <Link
                  className="link"
                  onClick={[Function]}
                  replace={false}
                  to="/#about"
                >
                  header.about
                </Link>
              </li>
              <li>
                <Link
                  className="link"
                  data-test="faq-btn"
                  onClick={[Function]}
                  replace={false}
                  to="/faqs"
                >
                  header.faq
                </Link>
              </li>
              <li>
                <Link
                  className="link"
                  data-test="support-btn"
                  onClick={[Function]}
                  replace={false}
                  to="#"
                >
                  header.support
                </Link>
              </li>
              <LanguagePicker />
            </ul>
          </div>,
          <Connect(Support)
            onClose={[Function]}
            show={false}
          />,
        ],
        "className": "container",
      },
      "ref": null,
      "rendered": Array [
        Object {
          "instance": null,
          "key": undefined,
          "nodeType": "host",
          "props": Object {
            "children": Array [
              <button
                className="navbar-toggle"
                data-target="#navigation-index"
                data-toggle="collapse"
                type="button"
              >
                <span
                  className="sr-only"
                >
                  Toggle navigation
                </span>
                <span
                  className="icon-bar"
                />
                <span
                  className="icon-bar"
                />
                <span
                  className="icon-bar"
                />
              </button>,
              <Link
                replace={false}
                to="/"
              >
                <div
                  className="logo-container"
                >
                  <img
                    alt="Logo"
                    data-test="logo"
                    src="/img/logo-white.svg"
                  />
                </div>
              </Link>,
            ],
            "className": "navbar-header",
          },
          "ref": null,
          "rendered": Array [
            Object {
              "instance": null,
              "key": undefined,
              "nodeType": "host",
              "props": Object {
                "children": Array [
                  <span
                    className="sr-only"
                  >
                    Toggle navigation
                  </span>,
                  <span
                    className="icon-bar"
                  />,
                  <span
                    className="icon-bar"
                  />,
                  <span
                    className="icon-bar"
                  />,
                ],
                "className": "navbar-toggle",
                "data-target": "#navigation-index",
                "data-toggle": "collapse",
                "type": "button",
              },
              "ref": null,
              "rendered": Array [
                Object {
                  "instance": null,
                  "key": undefined,
                  "nodeType": "host",
                  "props": Object {
                    "children": "Toggle navigation",
                    "className": "sr-only",
                  },
                  "ref": null,
                  "rendered": "Toggle navigation",
                  "type": "span",
                },
                Object {
                  "instance": null,
                  "key": undefined,
                  "nodeType": "host",
                  "props": Object {
                    "className": "icon-bar",
                  },
                  "ref": null,
                  "rendered": null,
                  "type": "span",
                },
                Object {
                  "instance": null,
                  "key": undefined,
                  "nodeType": "host",
                  "props": Object {
                    "className": "icon-bar",
                  },
                  "ref": null,
                  "rendered": null,
                  "type": "span",
                },
                Object {
                  "instance": null,
                  "key": undefined,
                  "nodeType": "host",
                  "props": Object {
                    "className": "icon-bar",
                  },
                  "ref": null,
                  "rendered": null,
                  "type": "span",
                },
              ],
              "type": "button",
            },
            Object {
              "instance": null,
              "key": undefined,
              "nodeType": "class",
              "props": Object {
                "children": <div
                  className="logo-container"
                >
                  <img
                    alt="Logo"
                    data-test="logo"
                    src="/img/logo-white.svg"
                  />
                </div>,
                "replace": false,
                "to": "/",
              },
              "ref": null,
              "rendered": Object {
                "instance": null,
                "key": undefined,
                "nodeType": "host",
                "props": Object {
                  "children": <img
                    alt="Logo"
                    data-test="logo"
                    src="/img/logo-white.svg"
                  />,
                  "className": "logo-container",
                },
                "ref": null,
                "rendered": Object {
                  "instance": null,
                  "key": undefined,
                  "nodeType": "host",
                  "props": Object {
                    "alt": "Logo",
                    "data-test": "logo",
                    "src": "/img/logo-white.svg",
                  },
                  "ref": null,
                  "rendered": null,
                  "type": "img",
                },
                "type": "div",
              },
              "type": [Function],
            },
          ],
          "type": "div",
        },
        Object {
          "instance": null,
          "key": undefined,
          "nodeType": "host",
          "props": Object {
            "children": <ul
              className="nav navbar-nav navbar-right"
            >
              <li>
                <Link
                  className="link"
                  onClick={[Function]}
                  replace={false}
                  to="/#about"
                >
                  header.about
                </Link>
              </li>
              <li>
                <Link
                  className="link"
                  data-test="faq-btn"
                  onClick={[Function]}
                  replace={false}
                  to="/faqs"
                >
                  header.faq
                </Link>
              </li>
              <li>
                <Link
                  className="link"
                  data-test="support-btn"
                  onClick={[Function]}
                  replace={false}
                  to="#"
                >
                  header.support
                </Link>
              </li>
              <LanguagePicker />
            </ul>,
            "className": "collapse navbar-collapse",
            "id": "navigation-index",
          },
          "ref": null,
          "rendered": Object {
            "instance": null,
            "key": undefined,
            "nodeType": "host",
            "props": Object {
              "children": Array [
                <li>
                  <Link
                    className="link"
                    onClick={[Function]}
                    replace={false}
                    to="/#about"
                  >
                    header.about
                  </Link>
                </li>,
                <li>
                  <Link
                    className="link"
                    data-test="faq-btn"
                    onClick={[Function]}
                    replace={false}
                    to="/faqs"
                  >
                    header.faq
                  </Link>
                </li>,
                <li>
                  <Link
                    className="link"
                    data-test="support-btn"
                    onClick={[Function]}
                    replace={false}
                    to="#"
                  >
                    header.support
                  </Link>
                </li>,
                <LanguagePicker />,
              ],
              "className": "nav navbar-nav navbar-right",
            },
            "ref": null,
            "rendered": Array [
              Object {
                "instance": null,
                "key": undefined,
                "nodeType": "host",
                "props": Object {
                  "children": <Link
                    className="link"
                    onClick={[Function]}
                    replace={false}
                    to="/#about"
                  >
                    header.about
                  </Link>,
                },
                "ref": null,
                "rendered": Object {
                  "instance": null,
                  "key": undefined,
                  "nodeType": "class",
                  "props": Object {
                    "children": "header.about",
                    "className": "link",
                    "onClick": [Function],
                    "replace": false,
                    "to": "/#about",
                  },
                  "ref": null,
                  "rendered": "header.about",
                  "type": [Function],
                },
                "type": "li",
              },
              Object {
                "instance": null,
                "key": undefined,
                "nodeType": "host",
                "props": Object {
                  "children": <Link
                    className="link"
                    data-test="faq-btn"
                    onClick={[Function]}
                    replace={false}
                    to="/faqs"
                  >
                    header.faq
                  </Link>,
                },
                "ref": null,
                "rendered": Object {
                  "instance": null,
                  "key": undefined,
                  "nodeType": "class",
                  "props": Object {
                    "children": "header.faq",
                    "className": "link",
                    "data-test": "faq-btn",
                    "onClick": [Function],
                    "replace": false,
                    "to": "/faqs",
                  },
                  "ref": null,
                  "rendered": "header.faq",
                  "type": [Function],
                },
                "type": "li",
              },
              Object {
                "instance": null,
                "key": undefined,
                "nodeType": "host",
                "props": Object {
                  "children": <Link
                    className="link"
                    data-test="support-btn"
                    onClick={[Function]}
                    replace={false}
                    to="#"
                  >
                    header.support
                  </Link>,
                },
                "ref": null,
                "rendered": Object {
                  "instance": null,
                  "key": undefined,
                  "nodeType": "class",
                  "props": Object {
                    "children": "header.support",
                    "className": "link",
                    "data-test": "support-btn",
                    "onClick": [Function],
                    "replace": false,
                    "to": "#",
                  },
                  "ref": null,
                  "rendered": "header.support",
                  "type": [Function],
                },
                "type": "li",
              },
              Object {
                "instance": null,
                "key": undefined,
                "nodeType": "class",
                "props": Object {},
                "ref": null,
                "rendered": null,
                "type": [Function],
              },
            ],
            "type": "ul",
          },
          "type": "div",
        },
        Object {
          "instance": null,
          "key": undefined,
          "nodeType": "class",
          "props": Object {
            "onClose": [Function],
            "show": false,
          },
          "ref": null,
          "rendered": null,
          "type": [Function],
        },
      ],
      "type": "div",
    },
    "type": "div",
  },
  Symbol(enzyme.__nodes__): Array [
    Object {
      "instance": null,
      "key": undefined,
      "nodeType": "host",
      "props": Object {
        "children": <div
          className="container"
        >
          <div
            className="navbar-header"
          >
            <button
              className="navbar-toggle"
              data-target="#navigation-index"
              data-toggle="collapse"
              type="button"
            >
              <span
                className="sr-only"
              >
                Toggle navigation
              </span>
              <span
                className="icon-bar"
              />
              <span
                className="icon-bar"
              />
              <span
                className="icon-bar"
              />
            </button>
            <Link
              replace={false}
              to="/"
            >
              <div
                className="logo-container"
              >
                <img
                  alt="Logo"
                  data-test="logo"
                  src="/img/logo-white.svg"
                />
              </div>
            </Link>
          </div>
          <div
            className="collapse navbar-collapse"
            id="navigation-index"
          >
            <ul
              className="nav navbar-nav navbar-right"
            >
              <li>
                <Link
                  className="link"
                  onClick={[Function]}
                  replace={false}
                  to="/#about"
                >
                  header.about
                </Link>
              </li>
              <li>
                <Link
                  className="link"
                  data-test="faq-btn"
                  onClick={[Function]}
                  replace={false}
                  to="/faqs"
                >
                  header.faq
                </Link>
              </li>
              <li>
                <Link
                  className="link"
                  data-test="support-btn"
                  onClick={[Function]}
                  replace={false}
                  to="#"
                >
                  header.support
                </Link>
              </li>
              <LanguagePicker />
            </ul>
          </div>
          <Connect(Support)
            onClose={[Function]}
            show={false}
          />
        </div>,
        "className": "header home",
        "data-test": "header",
      },
      "ref": null,
      "rendered": Object {
        "instance": null,
        "key": undefined,
        "nodeType": "host",
        "props": Object {
          "children": Array [
            <div
              className="navbar-header"
            >
              <button
                className="navbar-toggle"
                data-target="#navigation-index"
                data-toggle="collapse"
                type="button"
              >
                <span
                  className="sr-only"
                >
                  Toggle navigation
                </span>
                <span
                  className="icon-bar"
                />
                <span
                  className="icon-bar"
                />
                <span
                  className="icon-bar"
                />
              </button>
              <Link
                replace={false}
                to="/"
              >
                <div
                  className="logo-container"
                >
                  <img
                    alt="Logo"
                    data-test="logo"
                    src="/img/logo-white.svg"
                  />
                </div>
              </Link>
            </div>,
            <div
              className="collapse navbar-collapse"
              id="navigation-index"
            >
              <ul
                className="nav navbar-nav navbar-right"
              >
                <li>
                  <Link
                    className="link"
                    onClick={[Function]}
                    replace={false}
                    to="/#about"
                  >
                    header.about
                  </Link>
                </li>
                <li>
                  <Link
                    className="link"
                    data-test="faq-btn"
                    onClick={[Function]}
                    replace={false}
                    to="/faqs"
                  >
                    header.faq
                  </Link>
                </li>
                <li>
                  <Link
                    className="link"
                    data-test="support-btn"
                    onClick={[Function]}
                    replace={false}
                    to="#"
                  >
                    header.support
                  </Link>
                </li>
                <LanguagePicker />
              </ul>
            </div>,
            <Connect(Support)
              onClose={[Function]}
              show={false}
            />,
          ],
          "className": "container",
        },
        "ref": null,
        "rendered": Array [
          Object {
            "instance": null,
            "key": undefined,
            "nodeType": "host",
            "props": Object {
              "children": Array [
                <button
                  className="navbar-toggle"
                  data-target="#navigation-index"
                  data-toggle="collapse"
                  type="button"
                >
                  <span
                    className="sr-only"
                  >
                    Toggle navigation
                  </span>
                  <span
                    className="icon-bar"
                  />
                  <span
                    className="icon-bar"
                  />
                  <span
                    className="icon-bar"
                  />
                </button>,
                <Link
                  replace={false}
                  to="/"
                >
                  <div
                    className="logo-container"
                  >
                    <img
                      alt="Logo"
                      data-test="logo"
                      src="/img/logo-white.svg"
                    />
                  </div>
                </Link>,
              ],
              "className": "navbar-header",
            },
            "ref": null,
            "rendered": Array [
              Object {
                "instance": null,
                "key": undefined,
                "nodeType": "host",
                "props": Object {
                  "children": Array [
                    <span
                      className="sr-only"
                    >
                      Toggle navigation
                    </span>,
                    <span
                      className="icon-bar"
                    />,
                    <span
                      className="icon-bar"
                    />,
                    <span
                      className="icon-bar"
                    />,
                  ],
                  "className": "navbar-toggle",
                  "data-target": "#navigation-index",
                  "data-toggle": "collapse",
                  "type": "button",
                },
                "ref": null,
                "rendered": Array [
                  Object {
                    "instance": null,
                    "key": undefined,
                    "nodeType": "host",
                    "props": Object {
                      "children": "Toggle navigation",
                      "className": "sr-only",
                    },
                    "ref": null,
                    "rendered": "Toggle navigation",
                    "type": "span",
                  },
                  Object {
                    "instance": null,
                    "key": undefined,
                    "nodeType": "host",
                    "props": Object {
                      "className": "icon-bar",
                    },
                    "ref": null,
                    "rendered": null,
                    "type": "span",
                  },
                  Object {
                    "instance": null,
                    "key": undefined,
                    "nodeType": "host",
                    "props": Object {
                      "className": "icon-bar",
                    },
                    "ref": null,
                    "rendered": null,
                    "type": "span",
                  },
                  Object {
                    "instance": null,
                    "key": undefined,
                    "nodeType": "host",
                    "props": Object {
                      "className": "icon-bar",
                    },
                    "ref": null,
                    "rendered": null,
                    "type": "span",
                  },
                ],
                "type": "button",
              },
              Object {
                "instance": null,
                "key": undefined,
                "nodeType": "class",
                "props": Object {
                  "children": <div
                    className="logo-container"
                  >
                    <img
                      alt="Logo"
                      data-test="logo"
                      src="/img/logo-white.svg"
                    />
                  </div>,
                  "replace": false,
                  "to": "/",
                },
                "ref": null,
                "rendered": Object {
                  "instance": null,
                  "key": undefined,
                  "nodeType": "host",
                  "props": Object {
                    "children": <img
                      alt="Logo"
                      data-test="logo"
                      src="/img/logo-white.svg"
                    />,
                    "className": "logo-container",
                  },
                  "ref": null,
                  "rendered": Object {
                    "instance": null,
                    "key": undefined,
                    "nodeType": "host",
                    "props": Object {
                      "alt": "Logo",
                      "data-test": "logo",
                      "src": "/img/logo-white.svg",
                    },
                    "ref": null,
                    "rendered": null,
                    "type": "img",
                  },
                  "type": "div",
                },
                "type": [Function],
              },
            ],
            "type": "div",
          },
          Object {
            "instance": null,
            "key": undefined,
            "nodeType": "host",
            "props": Object {
              "children": <ul
                className="nav navbar-nav navbar-right"
              >
                <li>
                  <Link
                    className="link"
                    onClick={[Function]}
                    replace={false}
                    to="/#about"
                  >
                    header.about
                  </Link>
                </li>
                <li>
                  <Link
                    className="link"
                    data-test="faq-btn"
                    onClick={[Function]}
                    replace={false}
                    to="/faqs"
                  >
                    header.faq
                  </Link>
                </li>
                <li>
                  <Link
                    className="link"
                    data-test="support-btn"
                    onClick={[Function]}
                    replace={false}
                    to="#"
                  >
                    header.support
                  </Link>
                </li>
                <LanguagePicker />
              </ul>,
              "className": "collapse navbar-collapse",
              "id": "navigation-index",
            },
            "ref": null,
            "rendered": Object {
              "instance": null,
              "key": undefined,
              "nodeType": "host",
              "props": Object {
                "children": Array [
                  <li>
                    <Link
                      className="link"
                      onClick={[Function]}
                      replace={false}
                      to="/#about"
                    >
                      header.about
                    </Link>
                  </li>,
                  <li>
                    <Link
                      className="link"
                      data-test="faq-btn"
                      onClick={[Function]}
                      replace={false}
                      to="/faqs"
                    >
                      header.faq
                    </Link>
                  </li>,
                  <li>
                    <Link
                      className="link"
                      data-test="support-btn"
                      onClick={[Function]}
                      replace={false}
                      to="#"
                    >
                      header.support
                    </Link>
                  </li>,
                  <LanguagePicker />,
                ],
                "className": "nav navbar-nav navbar-right",
              },
              "ref": null,
              "rendered": Array [
                Object {
                  "instance": null,
                  "key": undefined,
                  "nodeType": "host",
                  "props": Object {
                    "children": <Link
                      className="link"
                      onClick={[Function]}
                      replace={false}
                      to="/#about"
                    >
                      header.about
                    </Link>,
                  },
                  "ref": null,
                  "rendered": Object {
                    "instance": null,
                    "key": undefined,
                    "nodeType": "class",
                    "props": Object {
                      "children": "header.about",
                      "className": "link",
                      "onClick": [Function],
                      "replace": false,
                      "to": "/#about",
                    },
                    "ref": null,
                    "rendered": "header.about",
                    "type": [Function],
                  },
                  "type": "li",
                },
                Object {
                  "instance": null,
                  "key": undefined,
                  "nodeType": "host",
                  "props": Object {
                    "children": <Link
                      className="link"
                      data-test="faq-btn"
                      onClick={[Function]}
                      replace={false}
                      to="/faqs"
                    >
                      header.faq
                    </Link>,
                  },
                  "ref": null,
                  "rendered": Object {
                    "instance": null,
                    "key": undefined,
                    "nodeType": "class",
                    "props": Object {
                      "children": "header.faq",
                      "className": "link",
                      "data-test": "faq-btn",
                      "onClick": [Function],
                      "replace": false,
                      "to": "/faqs",
                    },
                    "ref": null,
                    "rendered": "header.faq",
                    "type": [Function],
                  },
                  "type": "li",
                },
                Object {
                  "instance": null,
                  "key": undefined,
                  "nodeType": "host",
                  "props": Object {
                    "children": <Link
                      className="link"
                      data-test="support-btn"
                      onClick={[Function]}
                      replace={false}
                      to="#"
                    >
                      header.support
                    </Link>,
                  },
                  "ref": null,
                  "rendered": Object {
                    "instance": null,
                    "key": undefined,
                    "nodeType": "class",
                    "props": Object {
                      "children": "header.support",
                      "className": "link",
                      "data-test": "support-btn",
                      "onClick": [Function],
                      "replace": false,
                      "to": "#",
                    },
                    "ref": null,
                    "rendered": "header.support",
                    "type": [Function],
                  },
                  "type": "li",
                },
                Object {
                  "instance": null,
                  "key": undefined,
                  "nodeType": "class",
                  "props": Object {},
                  "ref": null,
                  "rendered": null,
                  "type": [Function],
                },
              ],
              "type": "ul",
            },
            "type": "div",
          },
          Object {
            "instance": null,
            "key": undefined,
            "nodeType": "class",
            "props": Object {
              "onClose": [Function],
              "show": false,
            },
            "ref": null,
            "rendered": null,
            "type": [Function],
          },
        ],
        "type": "div",
      },
      "type": "div",
    },
  ],
  Symbol(enzyme.__options__): Object {
    "adapter": ReactSixteenAdapter {
      "options": Object {
        "enableComponentDidUpdateOnSetState": true,
        "legacyContextMode": "parent",
        "lifecycles": Object {
          "componentDidUpdate": Object {
            "onSetState": true,
          },
          "getChildContext": Object {
            "calledByRenderer": false,
          },
          "getDerivedStateFromError": true,
          "getDerivedStateFromProps": Object {
            "hasShouldComponentUpdateBug": false,
          },
          "getSnapshotBeforeUpdate": true,
          "setState": Object {
            "skipsComponentDidUpdateOnNullish": true,
          },
        },
      },
    },
    "context": Object {},
  },
}
`;
